2026-07-09T15:41:26  === daily_job 开始  symbol=FG609  profile=max ===
2026-07-09T15:41:29  refresh_cache 完成
2026-07-09T15:41:29  === daily_job 完成 ===
2026-07-09T15:42:53  === daily_job 开始  symbol=FG609  profile=max ===
2026-07-09T15:42:56  refresh_cache 完成
2026-07-09T15:42:56  live_signal -> D:\LMS\fd_vib\artifacts\live_signal.json
2026-07-09T15:42:56  === daily_job 完成 ===
2026-07-09T15:43:21  === daily_job 开始  symbol=FG609  profile=max ===
2026-07-09T15:43:24  refresh_cache 完成
2026-07-09T15:43:24  === daily_job 完成 ===
2026-07-09T16:57:11  === daily_job 开始  symbol=FG609  profile=lms ===
2026-07-09T16:57:14  refresh_cache 完成
2026-07-09T16:57:15  live_signal -> D:\LMS\fd_vib\artifacts\live_signal.json
2026-07-09T16:57:15  === daily_job 完成 ===
2026-07-10T08:51:16  === daily_job 开始  symbol=FG609  profile=lms ===
2026-07-10T08:51:20  refresh_cache 完成
2026-07-10T08:51:21  live_signal -> D:\LMS\fd_vib\artifacts\live_signal.json
2026-07-10T08:51:21  === daily_job 完成 ===
2026-07-10T15:10:01  === daily_job 开始  symbol=FG609  profile=smart ===
2026-07-10T15:10:04  refresh_cache 完成
2026-07-10T15:10:05  live_signal -> D:\LMS\fd_vib\artifacts\live_signal.json
2026-07-10T15:10:05  === daily_job 完成 ===
2026-07-11T12:14:36  === daily_job 开始  symbol=FG609  profile=smart ===
2026-07-11T12:14:41  refresh_cache 完成
2026-07-11T12:14:43  live_signal -> D:\LMS\fd_vib\artifacts\live_signal.json
2026-07-11T12:14:43  === daily_job 完成 ===
2026-07-13T15:10:02  === daily_job 开始  symbol=FG609  profile=smart ===
2026-07-13T15:10:05  refresh_cache 完成
2026-07-13T15:10:07  live_signal -> D:\LMS\fd_vib\artifacts\live_signal.json
2026-07-13T15:10:07  === daily_job 完成 ===
2026-07-14T08:50:28  === daily_job 开始  symbol=FG609  profile=smart ===
2026-07-14T08:50:42  refresh_cache 完成
2026-07-14T08:50:44  live_signal -> D:\LMS\fd_vib\artifacts\live_signal.json
2026-07-14T08:50:44  === daily_job 完成 ===
2026-07-14T15:10:01  === daily_job 开始  symbol=FG609  profile=smart ===
2026-07-14T15:10:04  refresh_cache 完成
2026-07-14T15:10:05  live_signal -> D:\LMS\fd_vib\artifacts\live_signal.json
2026-07-14T15:10:05  === daily_job 完成 ===
2026-07-15T00:58:40  === daily_job 开始  symbol=FG609  profile=smart ===
2026-07-15T00:58:46  refresh_cache 完成
2026-07-15T00:58:48  live_signal -> D:\LMS\fd_vib\artifacts\live_signal.json
2026-07-15T00:58:48  === daily_job 完成 ===
2026-07-15T15:10:04  === daily_job 开始  symbol=FG609  profile=smart ===
2026-07-15T15:10:07  refresh_cache 完成
2026-07-15T15:10:09  live_signal -> D:\LMS\fd_vib\artifacts\live_signal.json
2026-07-15T15:10:09  === daily_job 完成 ===
2026-07-16T15:10:02  === daily_job 开始  symbol=FG609  profile=smart ===
2026-07-16T15:10:05  refresh_cache 完成
2026-07-16T15:10:07  live_signal -> D:\LMS\fd_vib\artifacts\live_signal.json
2026-07-16T15:10:07  === daily_job 完成 ===
2026-07-17T08:52:42  === daily_job 开始  symbol=FG609  profile=smart ===
2026-07-17T08:52:48  refresh_cache 完成
2026-07-17T08:52:51  live_signal -> D:\LMS\fd_vib\artifacts\live_signal.json
2026-07-17T08:52:51  === daily_job 完成 ===
2026-07-17T15:10:01  === daily_job 开始  symbol=FG609  profile=smart ===
2026-07-17T15:10:06  refresh_cache 完成
2026-07-17T15:10:07  live_signal -> D:\LMS\fd_vib\artifacts\live_signal.json
2026-07-17T15:10:07  === daily_job 完成 ===
2026-07-18T11:41:16  === daily_job 开始  symbol=FG609  profile=smart ===
2026-07-18T11:41:28  refresh_cache 完成
2026-07-18T11:41:30  live_signal -> D:\LMS\fd_vib\artifacts\live_signal.json
2026-07-18T11:41:30  === daily_job 完成 ===
2026-07-20T15:10:05  === daily_job 开始  symbol=FG609  profile=smart ===
2026-07-20T15:10:08  refresh_cache 完成
2026-07-20T15:10:10  live_signal -> D:\LMS\fd_vib\artifacts\live_signal.json
2026-07-20T15:10:10  === daily_job 完成 ===
2026-07-21T08:57:45  === daily_job 开始  symbol=FG609  profile=smart ===
2026-07-21T08:57:49  refresh_cache 完成
2026-07-21T08:57:51  live_signal -> D:\LMS\fd_vib\artifacts\live_signal.json
2026-07-21T08:57:51  === daily_job 完成 ===
2026-07-21T15:10:02  === daily_job 开始  symbol=FG609  profile=smart ===
2026-07-21T15:10:06  refresh_cache 完成
2026-07-21T15:10:08  live_signal -> D:\LMS\fd_vib\artifacts\live_signal.json
2026-07-21T15:10:08  === daily_job 完成 ===
2026-07-22T01:04:42  === daily_job 开始  symbol=FG609  profile=smart ===
2026-07-22T08:52:45  refresh_cache 完成
2026-07-22T08:52:47  live_signal -> D:\LMS\fd_vib\artifacts\live_signal.json
2026-07-22T08:52:47  === daily_job 完成 ===
2026-07-22T15:10:04  === daily_job 开始  symbol=FG609  profile=smart ===
2026-07-22T15:10:08  refresh_cache 完成
2026-07-22T15:10:09  live_signal -> D:\LMS\fd_vib\artifacts\live_signal.json
2026-07-22T15:10:09  === daily_job 完成 ===
2026-07-23T08:51:49  === daily_job 开始  symbol=FG609  profile=smart ===
2026-07-23T08:51:52  refresh_cache 完成
2026-07-23T08:51:53  live_signal -> D:\LMS\fd_vib\artifacts\live_signal.json
2026-07-23T08:51:53  === daily_job 完成 ===
2026-07-23T15:10:06  === daily_job 开始  symbol=FG609  profile=smart ===
2026-07-23T15:10:11  refresh_cache 完成
2026-07-23T15:10:12  live_signal -> D:\LMS\fd_vib\artifacts\live_signal.json
2026-07-23T15:10:12  === daily_job 完成 ===
2026-07-24T08:51:48  === daily_job 开始  symbol=FG609  profile=smart ===
2026-07-24T08:51:58  refresh_cache 完成
2026-07-24T08:52:03  live_signal -> D:\LMS\fd_vib\artifacts\live_signal.json
2026-07-24T08:52:03  === daily_job 完成 ===
2026-07-24T15:10:05  === daily_job 开始  symbol=FG609  profile=smart ===
2026-07-24T15:10:09  refresh_cache 完成
2026-07-24T15:10:11  live_signal -> D:\LMS\fd_vib\artifacts\live_signal.json
2026-07-24T15:10:11  === daily_job 完成 ===
2026-07-26T13:01:35  === daily_job 开始  symbol=FG609  profile=smart ===
2026-07-26T13:02:09  refresh_cache 完成
2026-07-26T13:02:10  live_signal -> D:\LMS\fd_vib\artifacts\live_signal.json
2026-07-26T13:02:10  === daily_job 完成 ===
2026-07-27T15:10:02  === daily_job 开始  symbol=FG609  profile=smart ===
2026-07-27T15:10:06  refresh_cache 完成
2026-07-27T15:10:07  live_signal -> D:\LMS\fd_vib\artifacts\live_signal.json
2026-07-27T15:10:07  === daily_job 完成 ===
2026-07-28T08:50:30  === daily_job 开始  symbol=FG609  profile=smart ===
2026-07-28T08:50:36  refresh_cache 完成
2026-07-28T08:50:40  live_signal -> D:\LMS\fd_vib\artifacts\live_signal.json
2026-07-28T08:50:40  === daily_job 完成 ===
2026-07-28T15:10:03  === daily_job 开始  symbol=FG609  profile=smart ===
2026-07-28T15:10:06  refresh_cache 完成
2026-07-28T15:10:08  live_signal -> D:\LMS\fd_vib\artifacts\live_signal.json
2026-07-28T15:10:08  === daily_job 完成 ===
2026-07-29T01:10:51  === daily_job 开始  symbol=FG609  profile=smart ===
2026-07-29T08:51:06  refresh_cache 完成
2026-07-29T08:51:08  live_signal -> D:\LMS\fd_vib\artifacts\live_signal.json
2026-07-29T08:51:08  === daily_job 完成 ===
2026-07-29T15:10:02  === daily_job 开始  symbol=FG609  profile=smart ===
2026-07-29T15:10:06  refresh_cache 完成
2026-07-29T15:10:08  live_signal -> D:\LMS\fd_vib\artifacts\live_signal.json
2026-07-29T15:10:08  === daily_job 完成 ===
2026-07-30T15:10:02  === daily_job 开始  symbol=FG609  profile=smart ===
2026-07-30T15:10:06  refresh_cache 完成
2026-07-30T15:10:07  live_signal -> D:\LMS\fd_vib\artifacts\live_signal.json
2026-07-30T15:10:07  === daily_job 完成 ===
2026-07-31T08:50:46  === daily_job 开始  symbol=FG609  profile=smart ===
2026-07-31T08:50:51  refresh_cache 完成
2026-07-31T08:50:53  live_signal -> D:\LMS\fd_vib\artifacts\live_signal.json
2026-07-31T08:50:53  === daily_job 完成 ===
2026-07-31T15:10:01  === daily_job 开始  symbol=FG609  profile=smart ===
2026-07-31T15:10:05  refresh_cache 完成
2026-07-31T15:10:07  live_signal -> D:\LMS\fd_vib\artifacts\live_signal.json
2026-07-31T15:10:07  === daily_job 完成 ===
2026-08-01T13:41:46  === daily_job 开始  symbol=FG609  profile=smart ===
2026-08-01T13:42:05  refresh_cache 完成
2026-08-01T13:42:08  live_signal -> D:\LMS\fd_vib\artifacts\live_signal.json
2026-08-01T13:42:08  === daily_job 完成 ===
2026-08-04T08:50:57  === daily_job 开始  symbol=FG609  profile=smart ===
2026-08-04T08:51:04  refresh_cache 完成
2026-08-04T08:51:07  live_signal -> D:\LMS\fd_vib\artifacts\live_signal.json
2026-08-04T08:51:07  === daily_job 完成 ===
2026-08-04T15:10:21  === daily_job 开始  symbol=FG609  profile=smart ===
2026-08-04T15:10:25  refresh_cache 完成
2026-08-04T15:10:29  live_signal -> D:\LMS\fd_vib\artifacts\live_signal.json
2026-08-04T15:10:29  === daily_job 完成 ===
2026-08-05T01:10:01  === daily_job 开始  symbol=FG609  profile=smart ===
2026-08-05T01:10:08  refresh_cache 完成
2026-08-05T01:10:10  live_signal -> D:\LMS\fd_vib\artifacts\live_signal.json
2026-08-05T01:10:10  === daily_job 完成 ===
2026-08-05T15:10:03  === daily_job 开始  symbol=FG609  profile=smart ===
2026-08-05T15:10:06  refresh_cache 完成
2026-08-05T15:10:08  live_signal -> D:\LMS\fd_vib\artifacts\live_signal.json
2026-08-05T15:10:08  === daily_job 完成 ===
2026-08-06T15:10:06  === daily_job 开始  symbol=FG609  profile=smart ===
2026-08-06T15:10:10  refresh_cache 完成
2026-08-06T15:10:12  live_signal -> D:\LMS\fd_vib\artifacts\live_signal.json
2026-08-06T15:10:12  === daily_job 完成 ===
2026-08-07T08:51:59  === daily_job 开始  symbol=FG609  profile=smart ===
2026-08-07T08:52:16  refresh_cache 完成
2026-08-07T08:52:17  live_signal -> D:\LMS\fd_vib\artifacts\live_signal.json
2026-08-07T08:52:17  === daily_job 完成 ===
2026-08-07T15:10:03  === daily_job 开始  symbol=FG609  profile=smart ===
2026-08-07T15:10:07  refresh_cache 完成
2026-08-07T15:10:09  live_signal -> D:\LMS\fd_vib\artifacts\live_signal.json
2026-08-07T15:10:09  === daily_job 完成 ===
2026-08-08T11:40:02  === daily_job 开始  symbol=FG609  profile=smart ===
2026-08-08T11:40:09  refresh_cache 完成
2026-08-08T11:40:11  live_signal -> D:\LMS\fd_vib\artifacts\live_signal.json
2026-08-08T11:40:11  === daily_job 完成 ===
2026-08-10T15:10:01  === daily_job 开始  symbol=FG609  profile=smart ===
2026-08-10T15:10:05  refresh_cache 完成
2026-08-10T15:10:06  live_signal -> D:\LMS\fd_vib\artifacts\live_signal.json
2026-08-10T15:10:06  === daily_job 完成 ===
2026-08-11T08:51:00  === daily_job 开始  symbol=FG609  profile=smart ===
2026-08-11T08:51:06  refresh_cache 完成
2026-08-11T08:51:09  live_signal -> D:\LMS\fd_vib\artifacts\live_signal.json
2026-08-11T08:51:09  === daily_job 完成 ===
2026-08-11T15:10:02  === daily_job 开始  symbol=FG609  profile=smart ===
2026-08-11T15:10:05  refresh_cache 完成
2026-08-11T15:10:07  live_signal -> D:\LMS\fd_vib\artifacts\live_signal.json
2026-08-11T15:10:07  === daily_job 完成 ===
2026-08-12T01:58:25  === daily_job 开始  symbol=FG609  profile=smart ===
2026-08-12T08:51:19  refresh_cache 完成
2026-08-12T08:51:23  live_signal -> D:\LMS\fd_vib\artifacts\live_signal.json
2026-08-12T08:51:23  === daily_job 完成 ===
2026-08-12T15:10:02  === daily_job 开始  symbol=FG609  profile=smart ===
2026-08-12T15:10:06  refresh_cache 完成
2026-08-12T15:10:07  live_signal -> D:\LMS\fd_vib\artifacts\live_signal.json
2026-08-12T15:10:07  === daily_job 完成 ===
2026-08-13T15:10:01  === daily_job 开始  symbol=FG609  profile=smart ===
2026-08-13T15:10:06  refresh_cache 完成
2026-08-13T15:10:07  live_signal -> D:\LMS\fd_vib\artifacts\live_signal.json
2026-08-13T15:10:07  === daily_job 完成 ===
2026-08-14T08:51:39  === daily_job 开始  symbol=FG609  profile=smart ===
2026-08-14T08:51:47  refresh_cache 完成
2026-08-14T08:51:49  live_signal -> D:\LMS\fd_vib\artifacts\live_signal.json
2026-08-14T08:51:49  === daily_job 完成 ===
2026-08-14T15:10:02  === daily_job 开始  symbol=FG609  profile=smart ===
2026-08-14T15:10:06  refresh_cache 完成
2026-08-14T15:10:08  live_signal -> D:\LMS\fd_vib\artifacts\live_signal.json
2026-08-14T15:10:08  === daily_job 完成 ===
2026-08-16T05:20:45  === daily_job 开始  symbol=FG609  profile=smart ===
2026-08-16T05:21:12  refresh_cache 完成
2026-08-16T05:21:26  live_signal -> D:\LMS\fd_vib\artifacts\live_signal.json
2026-08-16T05:21:26  === daily_job 完成 ===
2026-08-17T15:10:04  === daily_job 开始  symbol=FG609  profile=smart ===
2026-08-17T15:10:08  refresh_cache 完成
2026-08-17T15:10:10  live_signal -> D:\LMS\fd_vib\artifacts\live_signal.json
2026-08-17T15:10:10  === daily_job 完成 ===
2026-08-18T08:51:34  === daily_job 开始  symbol=FG609  profile=smart ===
2026-08-18T08:51:45  refresh_cache 完成
2026-08-18T08:51:47  live_signal -> D:\LMS\fd_vib\artifacts\live_signal.json
2026-08-18T08:51:47  === daily_job 完成 ===
2026-08-18T15:10:02  === daily_job 开始  symbol=FG609  profile=smart ===
2026-08-18T15:10:05  refresh_cache 完成
2026-08-18T15:10:06  live_signal -> D:\LMS\fd_vib\artifacts\live_signal.json
2026-08-18T15:10:06  === daily_job 完成 ===
2026-08-19T08:52:39  === daily_job 开始  symbol=FG609  profile=smart ===
2026-08-19T08:52:43  refresh_cache 完成
2026-08-19T08:52:44  live_signal -> D:\LMS\fd_vib\artifacts\live_signal.json
2026-08-19T08:52:44  === daily_job 完成 ===
2026-08-19T15:10:05  === daily_job 开始  symbol=FG609  profile=smart ===
2026-08-19T15:10:10  refresh_cache 完成
2026-08-19T15:10:12  live_signal -> D:\LMS\fd_vib\artifacts\live_signal.json
2026-08-19T15:10:12  === daily_job 完成 ===
2026-08-20T08:52:02  === daily_job 开始  symbol=FG609  profile=smart ===
2026-08-20T08:52:23  refresh_cache 完成
2026-08-20T08:52:26  live_signal -> D:\LMS\fd_vib\artifacts\live_signal.json
2026-08-20T08:52:26  === daily_job 完成 ===
2026-08-20T15:10:02  === daily_job 开始  symbol=FG609  profile=smart ===
2026-08-20T15:10:08  refresh_cache 完成
2026-08-20T15:10:10  live_signal -> D:\LMS\fd_vib\artifacts\live_signal.json
2026-08-20T15:10:10  === daily_job 完成 ===
2026-08-21T08:52:21  === daily_job 开始  symbol=FG609  profile=smart ===
2026-08-21T08:52:34  refresh_cache 完成
2026-08-21T08:52:36  live_signal -> D:\LMS\fd_vib\artifacts\live_signal.json
2026-08-21T08:52:36  === daily_job 完成 ===
2026-08-21T15:10:02  === daily_job 开始  symbol=FG609  profile=smart ===
2026-08-21T15:10:05  refresh_cache 完成
2026-08-21T15:10:06  live_signal -> D:\LMS\fd_vib\artifacts\live_signal.json
2026-08-21T15:10:06  === daily_job 完成 ===
2026-08-22T13:03:32  === daily_job 开始  symbol=FG609  profile=smart ===
2026-08-22T13:03:43  refresh_cache 完成
2026-08-22T13:03:46  live_signal -> D:\LMS\fd_vib\artifacts\live_signal.json
2026-08-22T13:03:46  === daily_job 完成 ===
2026-08-24T15:10:03  === daily_job 开始  symbol=FG609  profile=smart ===
2026-08-24T15:10:07  refresh_cache 完成
2026-08-24T15:10:09  live_signal -> D:\LMS\fd_vib\artifacts\live_signal.json
2026-08-24T15:10:09  === daily_job 完成 ===
2026-08-25T08:52:42  === daily_job 开始  symbol=FG609  profile=smart ===
2026-08-25T08:52:49  refresh_cache 完成
2026-08-25T08:52:51  live_signal -> D:\LMS\fd_vib\artifacts\live_signal.json
2026-08-25T08:52:51  === daily_job 完成 ===
2026-08-25T15:10:02  === daily_job 开始  symbol=FG609  profile=smart ===
2026-08-25T15:10:06  refresh_cache 完成
2026-08-25T15:10:07  live_signal -> D:\LMS\fd_vib\artifacts\live_signal.json
2026-08-25T15:10:07  === daily_job 完成 ===
